/*
=============================================================================
NFSA Summary for input file <Shaderlab.lex>
=============================================================================
Total NFSA states = 7624
Number of Start Conditions = 2
Start condition INITIAL:
  number of patterns = 15, number of nfsa states = 8297, accept states = 15
Start condition COMMENT:
  number of patterns = 3, number of nfsa states = 19, accept states = 3
=============================================================================
GPLEX: NFSA built.   46 msec
=============================================================================
GPLEX: DFSA built. 3759 msec
=============================================================================
GPLEX: DFSA minimized.   93 msec
=============================================================================
GPLEX: Shortest strings found.    0 msec
=============================================================================
DFSA Summary
=============================================================================
Number of dfsa instances = 2
Start condition INITIAL:
  number of dfsa states = 2986, number of accept states = 117
Start condition COMMENT:
  number of dfsa states = 5, number of accept states = 5
=============================================================================
GPLEX: C# file emitted.   93 msec
=============================================================================
GPLEX Summary
=============================================================================
Total number of states = 1545, total accept states = 30, backup states = 7
Original state number was 2992, minimized machine has 1545 states
Compression summary: used 8,076 nextstate entries, plus 126 map entries
- Uncompressed automaton would have 1,721,303,040 nextstate entries
- Input characters are packed into 90 equivalence classes
- CharClass compression 99.99%, 90 entries Vs 1,114,112
- Nextstate table compression 94.19%, 8,076 entries Vs 139,050
- CharacterMap compression is 99.99%, 126 entries Vs 1,114,112
- Decision tree depth is 1

Backup state report --- 
In <0>, after "\t" automaton could accept "{white_space}" in state 1
--- after ''B'' automaton is in a non-accept state and might need to backup

In <0>, after "Shader\x20" automaton could accept ""Shader"{blank}*({white_space}|{symbol})" in state 4
--- after ''|'' automaton is in a non-accept state and might need to backup

In <0>, after "/#pragma\x20" automaton could accept "({white_space}|{symbol}){unityKeywordsWithPara}({blank}+{words})*{white_space}" in state 6
--- after ''/'' automaton is in a non-accept state and might need to backup

In <0>, after "/Sub\x20" automaton could accept "({white_space}|{symbol}){unityNonBlockKeywords}{blank}*({white_space}|{symbol})" in state 8
--- after ''|'' automaton is in a non-accept state and might need to backup

In <0>, after "/Pass\x20" automaton could accept "({white_space}|{symbol}){unityBlockKeywords}{blank}*({white_space}|{symbol})" in state 10
--- after ''|'' automaton is in a non-accept state and might need to backup

In <0>, after "/Range(" automaton could accept "({white_space}|{symbol}){unityNonBlockKeywords}{blank}*({white_space}|{symbol})" in state 19
--- after ''+'' automaton is in a non-accept state and might need to backup

In <0>, after "/Range\x20" automaton could accept "({white_space}|{symbol}){unityNonBlockKeywords}{blank}*({white_space}|{symbol})" in state 20
--- after ''|'' automaton is in a non-accept state and might need to backup

=============================================================================
 */
